../Drivers/CMSIS/Include/core_cm4.h:1814:22:__NVIC_SetPriority	16	static
../Drivers/CMSIS/Include/core_cm4.h:2022:26:SysTick_Config	16	static
../Core/Src/main.c:62:6:SysTick_Handler	4	static
../Core/Src/main.c:67:6:Systick_Delay	24	static
../Core/Src/main.c:80:5:main	24	static
../Core/Src/main.c:137:6:SystemClock_Config	88	static
../Core/Src/main.c:184:13:MX_I2C1_Init	8	static
../Core/Src/main.c:218:13:MX_GPIO_Init	16	static
../Core/Src/main.c:244:6:HAL_TIM_PeriodElapsedCallback	16	static
../Core/Src/main.c:262:6:Error_Handler	4	static,ignoring_inline_asm
